FieldWriteViaThisAlias|Edge()|AST.MethodDecl|Edge.setW(int)|FieldWriteViaThisAlias|Edge.w|int|x
