FieldWriteInnerClass|Edge()|AST.MethodDecl|Edge.setW(int)|FieldWriteInnerClass|Edge.w|int|x
