Base|Edge(Node, Node)|AST.ConstructorDecl|Edge.Edge(Node, Node)|Base|Edge.tail|Node|t
Base|Edge(Node, Node)|AST.ConstructorDecl|Edge.Edge(Node, Node)|Base,Original|Edge.head|Node|h
Original|Edge(int, Node)|AST.MethodDecl|Edge.setHead(Node)|Base,Original|Edge.head|Node|h
