IMP {feature}F1{package}{type}Main {package}{type}UnInterface
REF {feature}F1{package}{type}Main{constructor}Main() {package}{type}Main{field}x{type}UnInterface
REF {feature}F1{package}{type}Main{field}x {package}{type}UnInterface
REF {feature}F1{package}{type}Main{method}main(java.lang.String[]) {package}java.io{type}PrintStream{method}println(int){type}void
REF {feature}F1{package}{type}Main{method}main(java.lang.String[]) {package}java.lang{type}String
REF {feature}F1{package}{type}Main{method}main(java.lang.String[]) {package}java.lang{type}System
REF {feature}F1{package}{type}Main{method}main(java.lang.String[]) {package}{type}Main
REF {feature}F1{package}{type}Main{method}main(java.lang.String[]) {package}{type}Main{constructor}Main()
REF {feature}F1{package}{type}Main{method}main(java.lang.String[]) {package}{type}Main{field}x{type}UnInterface
REF {feature}F1{package}{type}Main{method}main(java.lang.String[]) {package}{type}UnInterface{method}eval(){type}int
REF {feature}F1{package}{type}Main{method}main(java.lang.String[]) {static}{package}java.lang{type}System{field}out{type}java.io.PrintStream
REF {feature}F1{package}{type}Main {package}{type}UnInterface
