Warning: InfoFlow for interface/abstract methods not supported yet!
Warning: InfoFlow for interface/abstract methods not supported yet!
Feature;FanIn;FanOut;IFC
0;1;1;1
1;1;1;1
