Base|Edge(Node, Node)|AST.ConstructorDecl|Node.Edge.Edge(Node, Node)|Base|Node.Edge.head|Node|h
Base|Edge(Node, Node)|AST.ConstructorDecl|Node.Edge.Edge(Node, Node)|Base|Node.Edge.tail|Node|t
Base|Node(java.lang.String)|AST.ConstructorDecl|Node.Node(java.lang.String)|Base|Node.name|java.lang.String|name
