Base|Edge(Node, Node)|AST.ConstructorDecl|Edge.Edge(Node, Node)|Base|Edge.head|Node|h
Base|Edge(Node, Node)|AST.ConstructorDecl|Edge.Edge(Node, Node)|Base|Edge.tail|Node|t
ConstructorCall|LabeledEdge(int)|AST.ConstructorDecl|Edge.Edge(Node, Node)|Base|Edge.head|Node|h
ConstructorCall|LabeledEdge(int)|AST.ConstructorDecl|Edge.Edge(Node, Node)|Base|Edge.tail|Node|t
ConstructorCall|LabeledEdge(int)|AST.ConstructorDecl|Edge.Edge(Node, Node)|ConstructorRefinement|Edge.newHead|Node|h
ConstructorCall|LabeledEdge(int)|AST.ConstructorDecl|Edge.Edge(Node, Node)|ConstructorRefinement|Edge.newTail|Node|t
ConstructorCall|LabeledEdge(int)|AST.ConstructorDecl|LabeledEdge.LabeledEdge(int)|ConstructorCall|LabeledEdge.weight|int|w
ConstructorRefinement|Edge(Node, Node)|AST.ConstructorDecl|Edge.Edge(Node, Node)|ConstructorRefinement|Edge.newHead|Node|h
ConstructorRefinement|Edge(Node, Node)|AST.ConstructorDecl|Edge.Edge(Node, Node)|ConstructorRefinement|Edge.newTail|Node|t
