Warning: InfoFlow for interface/abstract methods not supported yet!
Warning: InfoFlow for interface/abstract methods not supported yet!
Feature;FanIn;FanOut;IFC
0;2;2;16
1;2;2;16
