 * Base|Edge.Edge(Node, Node)
 * Base|Edge.Edge(Node, Node)
 * Base|Edge.Edge(Node, Node)
 * Base|Edge.Edge(Node, Node)
 * Base|Edge.Edge(Node, Node)
 * Base|Edge.Edge(Node, Node)
 * Base|Edge.Edge(Node, Node)
 * Base|Edge.Edge(Node, Node)
 * Base|Edge.Edge(Node, Node)
 * Base|Edge.Edge(Node, Node)
 * Base|Edge.Edge(Node, Node)
 * Base|Edge.Edge(Node, Node)
Base|Edge(Node, Node)|AST.ConstructorDecl|Edge.Edge(Node, Node)|Base|Edge.head|Node|h
Base|Edge(Node, Node)|AST.ConstructorDecl|Edge.Edge(Node, Node)|Base|Edge.tail|Node|t
 * Base|Edge.setHead(Node)
 * Base|Edge.setHead(Node)
Base|LabeledEdge()|AST.MethodDecl|Edge.m2(int)|WeightedDirect,WeightedIndirect|Edge.weight|Weight|new Weight(w)
 * Base|LabeledEdge.LabeledEdge()
 * Base|LabeledEdge.LabeledEdge()
 * Base|LabeledEdge.LabeledEdge(Node, Node)
 * Base|LabeledEdge.LabeledEdge(Node, Node)
 * Base|LabeledEdge.LabeledEdge(Node, Node)
 * Base|LabeledEdge.LabeledEdge(Node, Node)
Base|LabeledEdge(Node, Node)|AST.ConstructorDecl|Edge.Edge(Node, Node)|Base|Edge.head|Node|h
Base|LabeledEdge(Node, Node)|AST.ConstructorDecl|Edge.Edge(Node, Node)|Base|Edge.tail|Node|t
 * WeightedDirect|Edge.Edge(int)
 * WeightedDirect|Edge.Edge(int)
WeightedDirect|Edge(int)|AST.ConstructorDecl|Edge.Edge(int)|WeightedDirect,WeightedIndirect|Edge.weight|Weight|new Weight(weight)
WeightedDirect|Weight(int)|AST.ConstructorDecl|Weight.Weight(int)|WeightedDirect,WeightedIndirect|Weight.value|int|v
 * WeightedDirect|Weight.Weight(int)
 * WeightedDirect|Weight.Weight(int)
WeightedIndirect|Edge()|AST.MethodDecl|Edge.m2(int)|WeightedDirect,WeightedIndirect|Edge.weight|Weight|new Weight(w)
 * WeightedIndirect|Edge.Edge()
 * WeightedIndirect|Edge.Edge()
 * WeightedIndirect|Edge.Edge()
 * WeightedIndirect|Edge.Edge()
 * WeightedIndirect|Edge.m1(int)
 * WeightedIndirect|Edge.m1(int)
 * WeightedIndirect|Edge.m1(int)
 * WeightedIndirect|Edge.m1(int)
 * WeightedIndirect|Edge.m2(int)
 * WeightedIndirect|Edge.m2(int)
 * WeightedIndirect|Edge.m2(int)
 * WeightedIndirect|Edge.m2(int)
WeightedIndirect|Weight(int)|AST.ConstructorDecl|Weight.Weight(int)|WeightedDirect,WeightedIndirect|Weight.value|int|v
 * WeightedIndirect|Weight.Weight(int)
 * WeightedIndirect|Weight.Weight(int)
 * WeightedOriginalCall|Edge.Edge(int, Node)
 * WeightedOriginalCall|Edge.Edge(int, Node)
WeightedOriginalCall|Edge(int, Node)|AST.MethodDecl|Edge.setHead(Node)|Base|Edge.head|Node|h
 * WeightedOriginalCall|Edge.setHead(Node)
 * WeightedOriginalCall|Edge.setHead(Node)
WeightedSuperConstructor|LabeledEdge(int)|AST.ConstructorDecl|Edge.Edge(Node, Node)|Base|Edge.head|Node|h
WeightedSuperConstructor|LabeledEdge(int)|AST.ConstructorDecl|Edge.Edge(Node, Node)|Base|Edge.tail|Node|t
WeightedSuperConstructor|LabeledEdge(int)|AST.ConstructorDecl|LabeledEdge.LabeledEdge(int)|WeightedSuperConstructor|LabeledEdge.weight|int|w
 * WeightedSuperConstructor|LabeledEdge.LabeledEdge(int)
 * WeightedSuperConstructor|LabeledEdge.LabeledEdge(int)
 * WeightedSuperConstructor|LabeledEdge.LabeledEdge(int)
 * WeightedSuperConstructor|LabeledEdge.LabeledEdge(int)
 * WeightedSuperConstructor|LabeledEdge.LabeledEdge(int)
 * WeightedSuperConstructor|LabeledEdge.LabeledEdge(int)
 * WeightedSuperConstructor|LabeledEdge.LabeledEdge(int)
 * WeightedSuperConstructor|LabeledEdge.LabeledEdge(int)
 * WeightedSuperConstructor|LabeledEdge.LabeledEdge(int)
 * WeightedSuperConstructor|LabeledEdge.LabeledEdge(int)
