REF {feature}F1{package}{type}A{field}string {package}java.lang{type}String
ORI {feature}F1{package}{type}A{method}method() {package}{type}A{method}original(){type}void
REF {feature}F2{package}{type}A{field}string {package}java.lang{type}String
REF {feature}F2{package}{type}A{method}method() {package}{type}A{field}string{type}java.lang.String
REF {feature}F2{package}{type}A{method}method() {package}java.lang{type}String
REF {feature}F2{package}{type}A{method}method() {package}{type}A{field}string{type}java.lang.String
REF {feature}F2{package}{type}A{method}method() {static}{package}java.lang{type}String{field}CASE_INSENSITIVE_ORDER{type}java.util.Comparator<java.lang.String>
REF {feature}F2{package}{type}A{method}method() {package}{type}A{field}string{type}java.lang.String
REF {feature}F2{package}{type}A{method}method() {package}java.lang{type}String{method}isEmpty(){type}boolean
ORI {feature}F2{package}{type}A{method}method() {package}{type}A{method}original(){type}void
